Starting Xibalba Oracle Backend (Rust/Axum)...
DEBUG: Using DATABASE_URL: postgres://xibalba_admin:integrity_secret_123@localhost:5432/integrity_protocol
Listening on 0.0.0.0:8080
Fetching protocol stats
Fetching all agents...
Fetching all agents...
Fetching protocol stats
Fetching all agents...
Fetching protocol stats
Fetching AIS history for: 0xd62982a313FfA10966e76CD9dA11708eDbb01B3f
Fetching AIS history for: 0xd62982a313FfA10966e76CD9dA11708eDbb01B3f
Fetching AIS history for: 0xd62982a313FfA10966e76CD9dA11708eDbb01B3f
Fetching AIS history for: 0xd62982a313FfA10966e76CD9dA11708eDbb01B3f
Fetching all agents...
Fetching protocol stats
Fetching all agents...
Fetching protocol stats
Fetching AIS history for: 0xd62982a313FfA10966e76CD9dA11708eDbb01B3f
Fetching AIS history for: 0xd62982a313FfA10966e76CD9dA11708eDbb01B3f
Fetching AIS history for: 0xd62982a313FfA10966e76CD9dA11708eDbb01B3f
Fetching all agents...
Fetching protocol stats
Fetching all agents...
Fetching protocol stats
Fetching AIS history for: 0xd62982a313FfA10966e76CD9dA11708eDbb01B3f
Fetching AIS history for: 0xd62982a313FfA10966e76CD9dA11708eDbb01B3f
Fetching all agents...
Fetching protocol stats
Fetching all agents...
Fetching protocol stats
Fetching all agents...
Fetching protocol stats
Fetching protocol stats
Fetching all agents...
Fetching all agents...
Fetching protocol stats
Fetching all agents...
Fetching protocol stats
Fetching all agents...
Fetching protocol stats
Fetching all agents...
Fetching protocol stats
Fetching AIS history for: 0xd62982a313FfA10966e76CD9dA11708eDbb01B3f
Fetching AIS history for: 0xd62982a313FfA10966e76CD9dA11708eDbb01B3f
Fetching AIS history for: 0xd62982a313FfA10966e76CD9dA11708eDbb01B3f
Fetching all agents...
Fetching protocol stats
Fetching all agents...
Fetching protocol stats
Fetching all agents...
Fetching protocol stats
Fetching protocol stats
Fetching all agents...
Fetching all agents...
Fetching protocol stats
Fetching all agents...
Fetching protocol stats
Fetching AIS history for: 0xd62982a313FfA10966e76CD9dA11708eDbb01B3f
Fetching all agents...
Fetching protocol stats
Fetching all agents...
Fetching protocol stats
Resolving DID document for: 0xd62982a313FfA10966e76CD9dA11708eDbb01B3f
Resolving DID document for: 0xd62982a313FfA10966e76CD9dA11708eDbb01B3f
Ledger history: page=None limit=50
Ledger history: page=None limit=50
Fetching all agents...
Fetching protocol stats
Fetching all agents...
Fetching protocol stats
Fetching protocol stats
Fetching all agents...
Fetching protocol stats
Fetching all agents...
Fetching protocol stats
Fetching all agents...
Fetching all agents...
Fetching protocol stats
Fetching protocol stats
Fetching all agents...
Fetching all agents...
Fetching protocol stats
Fetching AIS history for: 0xd62982a313FfA10966e76CD9dA11708eDbb01B3f
Resolving DID document for: 0xd62982a313FfA10966e76CD9dA11708eDbb01B3f
Resolving DID document for: 0xd62982a313FfA10966e76CD9dA11708eDbb01B3f
Ledger history: page=None limit=50
Ledger history: page=None limit=50
Fetching all agents...
Fetching protocol stats
Fetching all agents...
Fetching protocol stats
Fetching all agents...
Fetching protocol stats
Fetching protocol stats
Fetching all agents...
Fetching all agents...
Fetching protocol stats
Fetching protocol stats
Fetching all agents...
Fetching protocol stats
Fetching all agents...
Fetching all agents...
Fetching protocol stats
Fetching all agents...
Fetching protocol stats
Fetching protocol stats
Fetching all agents...
Fetching protocol stats
Fetching all agents...
Fetching AIS history for: 0xd62982a313FfA10966e76CD9dA11708eDbb01B3f
Resolving DID document for: 0xd62982a313FfA10966e76CD9dA11708eDbb01B3f
Resolving DID document for: 0xd62982a313FfA10966e76CD9dA11708eDbb01B3f
Ledger history: page=None limit=50
Ledger history: page=None limit=50
Fetching protocol stats
Fetching all agents...
Fetching protocol stats
Fetching all agents...
Resolving DID document for: 0xd62982a313FfA10966e76CD9dA11708eDbb01B3f
Resolving DID document for: 0xd62982a313FfA10966e76CD9dA11708eDbb01B3f
Creating task funded by loan: E2E Validation Task
Fetching all agents...
Fetching protocol stats
Fetching all agents...
Fetching protocol stats
Fetching all agents...
Fetching protocol stats
Fetching all agents...
Fetching protocol stats
Fetching all agents...
Fetching protocol stats
Fetching all agents...
Fetching protocol stats
Fetching all agents...
Fetching protocol stats
Fetching all agents...
Fetching protocol stats
Fetching all agents...
Fetching protocol stats
Fetching all agents...
Fetching protocol stats
Fetching protocol stats
Fetching all agents...
Fetching all agents...
Fetching protocol stats
Fetching protocol stats
Fetching all agents...
Fetching all agents...
Fetching protocol stats
Fetching all agents...
Fetching protocol stats
Fetching AIS history for: 0xd62982a313FfA10966e76CD9dA11708eDbb01B3f
Fetching all agents...
Fetching protocol stats
Fetching all agents...
Fetching protocol stats
Fetching all agents...
Fetching protocol stats
Fetching AIS history for: 0xd62982a313FfA10966e76CD9dA11708eDbb01B3f
Fetching protocol stats
Fetching all agents...
Fetching protocol stats
Fetching all agents...
Resolving DID document for: 0xd62982a313FfA10966e76CD9dA11708eDbb01B3f
Resolving DID document for: 0xd62982a313FfA10966e76CD9dA11708eDbb01B3f
Ledger history: page=None limit=50
Ledger history: page=None limit=50
Fetching all agents...
Fetching protocol stats
Fetching all agents...
Fetching protocol stats
Resolving DID document for: 0xd62982a313FfA10966e76CD9dA11708eDbb01B3f
Resolving DID document for: 0xd62982a313FfA10966e76CD9dA11708eDbb01B3f
Creating task funded by loan: E2E Validation Task
Fetching protocol stats
Fetching all agents...
Fetching all agents...
Fetching protocol stats
Fetching all agents...
Fetching protocol stats
Transferring 500 ITK: 0x5B5670D93038406468E0FA2c9683bF1673DEDbf3 -> 0xd62982a313FfA10966e76CD9dA11708eDbb01B3f
Fetching all agents...
Fetching protocol stats
Fetching protocol stats
Fetching all agents...
Fetching protocol stats
Fetching all agents...
Fetching all agents...
Fetching protocol stats
Fetching all agents...
Fetching protocol stats
Fetching protocol stats
Fetching all agents...
Fetching all agents...
Fetching protocol stats
Fetching all agents...
Fetching protocol stats
Fetching protocol stats
Fetching all agents...
Fetching all agents...
Fetching protocol stats
Fetching protocol stats
Fetching all agents...
Fetching all agents...
Fetching protocol stats
Fetching all agents...
Fetching protocol stats
Fetching protocol stats
Fetching all agents...
Fetching all agents...
Fetching protocol stats
Fetching all agents...
Fetching protocol stats
Fetching all agents...
Fetching protocol stats
Fetching all agents...
Fetching protocol stats
Fetching protocol stats
Fetching all agents...
Fetching all agents...
Fetching protocol stats
Fetching all agents...
Fetching protocol stats
Fetching AIS history for: 0xd62982a313FfA10966e76CD9dA11708eDbb01B3f
Fetching AIS history for: 0xd62982a313FfA10966e76CD9dA11708eDbb01B3f
Ledger history: page=None limit=50
Ledger history: page=None limit=50
Fetching all agents...
Fetching protocol stats
Fetching protocol stats
Fetching all agents...
Fetching all agents...
Fetching protocol stats
Fetching all agents...
Fetching protocol stats
Fetching all agents...
Fetching protocol stats
Fetching protocol stats
Fetching all agents...
Fetching all agents...
Fetching protocol stats
Fetching all agents...
Fetching protocol stats
Fetching all agents...
Fetching protocol stats
Fetching all agents...
Fetching protocol stats
Fetching protocol stats
Fetching all agents...
Fetching all agents...
Fetching protocol stats
Fetching all agents...
Fetching protocol stats
Fetching all agents...
Fetching protocol stats
Fetching all agents...
Fetching protocol stats
Fetching all agents...
Fetching protocol stats
Fetching all agents...
Fetching protocol stats
Fetching protocol stats
Fetching all agents...
Fetching all agents...
Fetching protocol stats
Fetching all agents...
Fetching protocol stats
Fetching all agents...
Fetching protocol stats
Fetching all agents...
Fetching protocol stats
Fetching protocol stats
Fetching all agents...
Fetching all agents...
Fetching protocol stats
Fetching all agents...
Fetching protocol stats
Fetching all agents...
Fetching protocol stats
Fetching AIS history for: 0xd62982a313FfA10966e76CD9dA11708eDbb01B3f
Fetching all agents...
Fetching protocol stats
Fetching all agents...
Fetching protocol stats
Fetching all agents...
Fetching protocol stats
Fetching protocol stats
Fetching all agents...
Fetching all agents...
Fetching protocol stats
Resolving DID document for: 0xd62982a313FfA10966e76CD9dA11708eDbb01B3f
Resolving DID document for: 0xd62982a313FfA10966e76CD9dA11708eDbb01B3f
Ledger history: page=None limit=50
Ledger history: page=None limit=50
Fetching protocol stats
Fetching all agents...
Fetching all agents...
Fetching protocol stats
Resolving DID document for: 0xd62982a313FfA10966e76CD9dA11708eDbb01B3f
Resolving DID document for: 0xd62982a313FfA10966e76CD9dA11708eDbb01B3f
Fetching all agents...
Fetching protocol stats
Creating task funded by loan: E2E Validation Task
Fetching all agents...
Fetching protocol stats
Fetching all agents...
Fetching protocol stats
Transferring 500 ITK: 0x5B5670D93038406468E0FA2c9683bF1673DEDbf3 -> 0xd62982a313FfA10966e76CD9dA11708eDbb01B3f
Fetching all agents...
Fetching protocol stats
Fetching protocol stats
Fetching all agents...
Fetching all agents...
Fetching protocol stats
Fetching all agents...
Fetching protocol stats
Fetching all agents...
Fetching protocol stats
Fetching AIS history for: 0xd62982a313FfA10966e76CD9dA11708eDbb01B3f
Fetching AIS history for: 0xd62982a313FfA10966e76CD9dA11708eDbb01B3f
Resolving DID document for: 0xd62982a313FfA10966e76CD9dA11708eDbb01B3f
Resolving DID document for: 0xd62982a313FfA10966e76CD9dA11708eDbb01B3f
Ledger history: page=None limit=50
Ledger history: page=None limit=50
Fetching all agents...
Fetching protocol stats
Fetching protocol stats
Fetching all agents...
Fetching all agents...
Fetching protocol stats
Fetching all agents...
Fetching protocol stats
Fetching all agents...
Fetching protocol stats
Fetching all agents...
Fetching protocol stats
Fetching all agents...
Fetching protocol stats
Fetching protocol stats
Fetching all agents...
Fetching all agents...
Fetching protocol stats
Fetching all agents...
Fetching protocol stats
Fetching all agents...
Fetching protocol stats
Fetching protocol stats
Fetching all agents...
Fetching protocol stats
Fetching all agents...
Fetching all agents...
Fetching protocol stats
Fetching all agents...
Fetching protocol stats
Fetching all agents...
Fetching protocol stats
Fetching all agents...
Fetching protocol stats
Fetching protocol stats
Fetching all agents...
Fetching protocol stats
Fetching all agents...
Fetching protocol stats
Fetching all agents...
Fetching protocol stats
Fetching all agents...
Fetching all agents...
Fetching protocol stats
Fetching all agents...
Fetching protocol stats
Fetching protocol stats
Fetching all agents...
Fetching all agents...
Fetching protocol stats
Fetching AIS history for: 0xd62982a313FfA10966e76CD9dA11708eDbb01B3f
Fetching AIS history for: 0xd62982a313FfA10966e76CD9dA11708eDbb01B3f
Resolving DID document for: 0xd62982a313FfA10966e76CD9dA11708eDbb01B3f
Resolving DID document for: 0xd62982a313FfA10966e76CD9dA11708eDbb01B3f
Fetching all agents...
Fetching protocol stats
Fetching protocol stats
Fetching all agents...
Fetching protocol stats
Fetching all agents...
Fetching all agents...
Fetching protocol stats
Ledger history: page=None limit=50
Ledger history: page=None limit=50
Resolving DID document for: 0xd62982a313FfA10966e76CD9dA11708eDbb01B3f
Resolving DID document for: 0xd62982a313FfA10966e76CD9dA11708eDbb01B3f
Fetching all agents...
Fetching protocol stats
Fetching AIS history for: 0xd62982a313FfA10966e76CD9dA11708eDbb01B3f
Fetching AIS history for: 0xd62982a313FfA10966e76CD9dA11708eDbb01B3f
Fetching all agents...
Fetching protocol stats
Fetching all agents...
Fetching protocol stats
Fetching all agents...
Fetching protocol stats
Fetching all agents...
Fetching protocol stats
Fetching all agents...
Fetching protocol stats
Fetching protocol stats
Fetching all agents...
Fetching all agents...
Fetching protocol stats
Fetching all agents...
Fetching protocol stats
Fetching all agents...
Fetching protocol stats
Fetching all agents...
Fetching protocol stats
Fetching all agents...
Fetching protocol stats
Fetching AIS history for: 0xd62982a313FfA10966e76CD9dA11708eDbb01B3f
Fetching protocol stats
Fetching all agents...
Audit request received for: 0xd88DCf4e81D8aD53A9f7F1b4bb8Be91C5B8B3516 (Type: PLATINUM)
Received telemetry for agent: xibalba_master_agent_sdk_test
[ZK] Using verified entropy metric: 0.01
[ZK] Using verified grounding metric: 0.99
Fetching protocol stats
Fetching all agents...
Fetching AIS history for: 0xd62982a313FfA10966e76CD9dA11708eDbb01B3f
Fetching all agents...
Fetching protocol stats
